// Jest Snapshot v1, https://goo.gl/fbAQLP

exports[`<Button/> should match snapshot"  1`] = `
<div
  class="container-btn"
>
  <button
    class="button"
  >
    Load more
  </button>
</div>
`;
