// Jest Snapshot v1, https://goo.gl/fbAQLP

exports[`<TextInput /> should match snapshot 1`] = `
<div>
  <label
    class="label-container"
  >
    <p>
      Busca: 
    </p>
    <input
      class="text-input"
      placeholder="type your search..."
      type="search"
      value=""
    />
  </label>
</div>
`;
